// Jest Snapshot v1, https://goo.gl/fbAQLP

exports[`<Navbar /> Should render and match the snapshot 1`] = `
<div
  class="styled__Container-sc-1ln3xgg-0 hlrwxQ"
>
  <a
    class="styled__LinkElement-sc-1ln3xgg-1 iGOzHJ"
    href="/"
  >
    <img
      alt="logo"
      class="styled__Logo-sc-1ln3xgg-6 eWsFvG"
      src="IMAGE_MOCK"
    />
  </a>
  <div
    class="styled__RightElementsContainer-sc-1ln3xgg-2 kUJkPh"
  >
    <a
      class="styled__LinkElement-sc-1ln3xgg-1 iGOzHJ"
      href="/login"
    >
      <div
        class="styled__Text-sc-1ln3xgg-3 jRxfut"
      >
        Piotr Sokoli≈Ñski
      </div>
      <svg
        aria-hidden="true"
        class="styled__Account-sc-1ln3xgg-4 epJyAv StyledIconBase-sc-bdy9j4 jbPeIR"
        fill="currentColor"
        focusable="false"
        height="35"
        viewBox="0 0 24 24"
        width="35"
        xmlns="http://www.w3.org/2000/svg"
      >
        <path
          d="M3 5v14a2 2 0 002 2h14c1.1 0 2-.9 2-2V5c0-1.1-.9-2-2-2H5a2 2 0 00-2 2zm12 4c0 1.66-1.34 3-3 3s-3-1.34-3-3 1.34-3 3-3 3 1.34 3 3zm-9 8c0-2 4-3.1 6-3.1s6 1.1 6 3.1v1H6v-1z"
        />
      </svg>
    </a>
    <a
      class="styled__LinkElement-sc-1ln3xgg-1 iGOzHJ"
      href="/login"
    >
      <div
        class="styled__Text-sc-1ln3xgg-3 jRxfut"
      >
        <span>
          Logout
        </span>
      </div>
      <svg
        aria-hidden="true"
        class="styled__Logout-sc-1ln3xgg-5 gpiUoL StyledIconBase-sc-bdy9j4 jbPeIR"
        fill="currentColor"
        focusable="false"
        height="35"
        viewBox="0 0 24 24"
        width="35"
        xmlns="http://www.w3.org/2000/svg"
      >
        <path
          d="M16 13v-2H7V8l-5 4 5 4v-3z"
        />
        <path
          d="M20 3h-9c-1.103 0-2 .897-2 2v4h2V5h9v14h-9v-4H9v4c0 1.103.897 2 2 2h9c1.103 0 2-.897 2-2V5c0-1.103-.897-2-2-2z"
        />
      </svg>
    </a>
  </div>
</div>
`;
