// Jest Snapshot v1, https://goo.gl/fbAQLP

exports[`<TextChat /> Should render and match the snapshot 1`] = `
<div
  class="styled__Container-laciss-2 ffZdcs"
>
  <div
    class="styled__TextChatHeader-laciss-3 jyyxCZ"
  >
    <div
      class="styled__Header-laciss-4 dVJEuL"
    >
      <span>
        Chat with your Group
      </span>
    </div>
    <div
      class="styled__AvatarContainer-laciss-7 gWEXMY"
    >
      <div
        class="small styled__Container-vinm4t-0 gDIJTt"
      >
        <img
          alt="avatar"
          class="avatar-image"
          src="IMAGE_MOCK"
        />
      </div>
      <div
        class="small styled__Container-vinm4t-0 gDIJTt"
      >
        <img
          alt="avatar"
          class="avatar-image"
          src="IMAGE_MOCK"
        />
      </div>
      <div
        class="small styled__Container-vinm4t-0 gDIJTt"
      >
        <img
          alt="avatar"
          class="avatar-image"
          src="IMAGE_MOCK"
        />
      </div>
      <div
        class="small styled__Container-vinm4t-0 gDIJTt"
      >
        <img
          alt="avatar"
          class="avatar-image"
          src="IMAGE_MOCK"
        />
      </div>
    </div>
  </div>
  <div
    class="styled__TextChatBody-laciss-6 kcpCJR"
  >
    <div
      class="styled__DayInformation-laciss-9 fWweLp"
    >
      Tusday, 28.10.2019
    </div>
    <div
      class="styled__Container-lr2zll-0 gaFdcr"
    >
      <div
        class="tiny styled__Container-vinm4t-0 gDIJTt"
      >
        <img
          alt="avatar"
          class="avatar-image"
          src="IMAGE_MOCK"
        />
      </div>
      <div
        class="styled__MessageCloud-lr2zll-1 drMwnc"
      >
        Message
      </div>
      <div
        class="styled__MessageTime-lr2zll-2 gTomPT"
      >
        17:10
      </div>
    </div>
    <div
      class="styled__Container-lr2zll-0 hiCLbP"
    >
      <div
        class="tiny styled__Container-vinm4t-0 gDIJTt"
      >
        <img
          alt="avatar"
          class="avatar-image"
          src="IMAGE_MOCK"
        />
      </div>
      <div
        class="styled__MessageCloud-lr2zll-1 jALbcv"
      >
        Message
      </div>
      <div
        class="styled__MessageTime-lr2zll-2 gTomPT"
      >
        17:10
      </div>
    </div>
    <div
      class="styled__Container-lr2zll-0 hiCLbP"
    >
      <div
        class="tiny styled__Container-vinm4t-0 gDIJTt"
      >
        <img
          alt="avatar"
          class="avatar-image"
          src="IMAGE_MOCK"
        />
      </div>
      <div
        class="styled__MessageCloud-lr2zll-1 jALbcv"
      >
        MessageMessage MessageMessa geMess ageMessag eMessa geMessag eMessageMessa geMessage MessageMessageM essageMessageMessag eMessageM essageMessa geMessageMessageMessageMessage Message MessageMe ssageMessageMessageMe ssageMessag eMessage
      </div>
      <div
        class="styled__MessageTime-lr2zll-2 gTomPT"
      >
        17:10
      </div>
    </div>
    <div
      class="styled__Container-lr2zll-0 gaFdcr"
    >
      <div
        class="tiny styled__Container-vinm4t-0 gDIJTt"
      >
        <img
          alt="avatar"
          class="avatar-image"
          src="IMAGE_MOCK"
        />
      </div>
      <div
        class="styled__MessageCloud-lr2zll-1 drMwnc"
      >
        Message
      </div>
      <div
        class="styled__MessageTime-lr2zll-2 gTomPT"
      >
        17:10
      </div>
    </div>
    <div
      class="styled__Container-lr2zll-0 gaFdcr"
    >
      <div
        class="tiny styled__Container-vinm4t-0 gDIJTt"
      >
        <img
          alt="avatar"
          class="avatar-image"
          src="IMAGE_MOCK"
        />
      </div>
      <div
        class="styled__MessageCloud-lr2zll-1 drMwnc"
      >
        Message
      </div>
      <div
        class="styled__MessageTime-lr2zll-2 gTomPT"
      >
        17:10
      </div>
    </div>
    <div
      class="styled__Container-lr2zll-0 hiCLbP"
    >
      <div
        class="tiny styled__Container-vinm4t-0 gDIJTt"
      >
        <img
          alt="avatar"
          class="avatar-image"
          src="IMAGE_MOCK"
        />
      </div>
      <div
        class="styled__MessageCloud-lr2zll-1 jALbcv"
      >
        Message
      </div>
      <div
        class="styled__MessageTime-lr2zll-2 gTomPT"
      >
        17:10
      </div>
    </div>
    <div
      class="styled__Container-lr2zll-0 hiCLbP"
    >
      <div
        class="tiny styled__Container-vinm4t-0 gDIJTt"
      >
        <img
          alt="avatar"
          class="avatar-image"
          src="IMAGE_MOCK"
        />
      </div>
      <div
        class="styled__MessageCloud-lr2zll-1 jALbcv"
      >
        MessageMessage MessageMessa geMess ageMessag eMessa geMessag eMessageMessa geMessage MessageMessageM essageMessageMessag eMessageM essageMessa geMessageMessageMessageMessage Message MessageMe ssageMessageMessageMe ssageMessag eMessage
      </div>
      <div
        class="styled__MessageTime-lr2zll-2 gTomPT"
      >
        17:10
      </div>
    </div>
    <div
      class="styled__Container-lr2zll-0 gaFdcr"
    >
      <div
        class="tiny styled__Container-vinm4t-0 gDIJTt"
      >
        <img
          alt="avatar"
          class="avatar-image"
          src="IMAGE_MOCK"
        />
      </div>
      <div
        class="styled__MessageCloud-lr2zll-1 drMwnc"
      >
        Message
      </div>
      <div
        class="styled__MessageTime-lr2zll-2 gTomPT"
      >
        17:10
      </div>
    </div>
    <div
      class="styled__Container-lr2zll-0 gaFdcr"
    >
      <div
        class="tiny styled__Container-vinm4t-0 gDIJTt"
      >
        <img
          alt="avatar"
          class="avatar-image"
          src="IMAGE_MOCK"
        />
      </div>
      <div
        class="styled__MessageCloud-lr2zll-1 drMwnc"
      >
        Message
      </div>
      <div
        class="styled__MessageTime-lr2zll-2 gTomPT"
      >
        17:10
      </div>
    </div>
    <div
      class="styled__Container-lr2zll-0 hiCLbP"
    >
      <div
        class="tiny styled__Container-vinm4t-0 gDIJTt"
      >
        <img
          alt="avatar"
          class="avatar-image"
          src="IMAGE_MOCK"
        />
      </div>
      <div
        class="styled__MessageCloud-lr2zll-1 jALbcv"
      >
        Message
      </div>
      <div
        class="styled__MessageTime-lr2zll-2 gTomPT"
      >
        17:10
      </div>
    </div>
    <div
      class="styled__Container-lr2zll-0 hiCLbP"
    >
      <div
        class="tiny styled__Container-vinm4t-0 gDIJTt"
      >
        <img
          alt="avatar"
          class="avatar-image"
          src="IMAGE_MOCK"
        />
      </div>
      <div
        class="styled__MessageCloud-lr2zll-1 jALbcv"
      >
        MessageMessage MessageMessa geMess ageMessag eMessa geMessag eMessageMessa geMessage MessageMessageM essageMessageMessag eMessageM essageMessa geMessageMessageMessageMessage Message MessageMe ssageMessageMessageMe ssageMessag eMessage
      </div>
      <div
        class="styled__MessageTime-lr2zll-2 gTomPT"
      >
        17:10
      </div>
    </div>
    <div
      class="styled__Container-lr2zll-0 gaFdcr"
    >
      <div
        class="tiny styled__Container-vinm4t-0 gDIJTt"
      >
        <img
          alt="avatar"
          class="avatar-image"
          src="IMAGE_MOCK"
        />
      </div>
      <div
        class="styled__MessageCloud-lr2zll-1 drMwnc"
      >
        Message
      </div>
      <div
        class="styled__MessageTime-lr2zll-2 gTomPT"
      >
        17:10
      </div>
    </div>
    <div
      class="styled__Container-lr2zll-0 gaFdcr"
    >
      <div
        class="tiny styled__Container-vinm4t-0 gDIJTt"
      >
        <img
          alt="avatar"
          class="avatar-image"
          src="IMAGE_MOCK"
        />
      </div>
      <div
        class="styled__MessageCloud-lr2zll-1 drMwnc"
      >
        Message
      </div>
      <div
        class="styled__MessageTime-lr2zll-2 gTomPT"
      >
        17:10
      </div>
    </div>
    <div
      class="styled__Container-lr2zll-0 hiCLbP"
    >
      <div
        class="tiny styled__Container-vinm4t-0 gDIJTt"
      >
        <img
          alt="avatar"
          class="avatar-image"
          src="IMAGE_MOCK"
        />
      </div>
      <div
        class="styled__MessageCloud-lr2zll-1 jALbcv"
      >
        Message
      </div>
      <div
        class="styled__MessageTime-lr2zll-2 gTomPT"
      >
        17:10
      </div>
    </div>
    <div
      class="styled__Container-lr2zll-0 hiCLbP"
    >
      <div
        class="tiny styled__Container-vinm4t-0 gDIJTt"
      >
        <img
          alt="avatar"
          class="avatar-image"
          src="IMAGE_MOCK"
        />
      </div>
      <div
        class="styled__MessageCloud-lr2zll-1 jALbcv"
      >
        MessageMessage MessageMessa geMess ageMessag eMessa geMessag eMessageMessa geMessage MessageMessageM essageMessageMessag eMessageM essageMessa geMessageMessageMessageMessage Message MessageMe ssageMessageMessageMe ssageMessag eMessage
      </div>
      <div
        class="styled__MessageTime-lr2zll-2 gTomPT"
      >
        17:10
      </div>
    </div>
    <div
      class="styled__Container-lr2zll-0 gaFdcr"
    >
      <div
        class="tiny styled__Container-vinm4t-0 gDIJTt"
      >
        <img
          alt="avatar"
          class="avatar-image"
          src="IMAGE_MOCK"
        />
      </div>
      <div
        class="styled__MessageCloud-lr2zll-1 drMwnc"
      >
        Message
      </div>
      <div
        class="styled__MessageTime-lr2zll-2 gTomPT"
      >
        17:10
      </div>
    </div>
    <div
      class="styled__Container-lr2zll-0 gaFdcr"
    >
      <div
        class="tiny styled__Container-vinm4t-0 gDIJTt"
      >
        <img
          alt="avatar"
          class="avatar-image"
          src="IMAGE_MOCK"
        />
      </div>
      <div
        class="styled__MessageCloud-lr2zll-1 drMwnc"
      >
        Message
      </div>
      <div
        class="styled__MessageTime-lr2zll-2 gTomPT"
      >
        17:10
      </div>
    </div>
    <div
      class="styled__Container-lr2zll-0 hiCLbP"
    >
      <div
        class="tiny styled__Container-vinm4t-0 gDIJTt"
      >
        <img
          alt="avatar"
          class="avatar-image"
          src="IMAGE_MOCK"
        />
      </div>
      <div
        class="styled__MessageCloud-lr2zll-1 jALbcv"
      >
        Message
      </div>
      <div
        class="styled__MessageTime-lr2zll-2 gTomPT"
      >
        17:10
      </div>
    </div>
    <div
      class="styled__Container-lr2zll-0 hiCLbP"
    >
      <div
        class="tiny styled__Container-vinm4t-0 gDIJTt"
      >
        <img
          alt="avatar"
          class="avatar-image"
          src="IMAGE_MOCK"
        />
      </div>
      <div
        class="styled__MessageCloud-lr2zll-1 jALbcv"
      >
        MessageMessage MessageMessa geMess ageMessag eMessa geMessag eMessageMessa geMessage MessageMessageM essageMessageMessag eMessageM essageMessa geMessageMessageMessageMessage Message MessageMe ssageMessageMessageMe ssageMessag eMessage
      </div>
      <div
        class="styled__MessageTime-lr2zll-2 gTomPT"
      >
        17:10
      </div>
    </div>
    <div
      class="styled__Container-lr2zll-0 gaFdcr"
    >
      <div
        class="tiny styled__Container-vinm4t-0 gDIJTt"
      >
        <img
          alt="avatar"
          class="avatar-image"
          src="IMAGE_MOCK"
        />
      </div>
      <div
        class="styled__MessageCloud-lr2zll-1 drMwnc"
      >
        Message
      </div>
      <div
        class="styled__MessageTime-lr2zll-2 gTomPT"
      >
        17:10
      </div>
    </div>
    <div
      class="styled__Container-lr2zll-0 gaFdcr"
    >
      <div
        class="tiny styled__Container-vinm4t-0 gDIJTt"
      >
        <img
          alt="avatar"
          class="avatar-image"
          src="IMAGE_MOCK"
        />
      </div>
      <div
        class="styled__MessageCloud-lr2zll-1 drMwnc"
      >
        Message
      </div>
      <div
        class="styled__MessageTime-lr2zll-2 gTomPT"
      >
        17:10
      </div>
    </div>
    <div
      class="styled__Container-lr2zll-0 hiCLbP"
    >
      <div
        class="tiny styled__Container-vinm4t-0 gDIJTt"
      >
        <img
          alt="avatar"
          class="avatar-image"
          src="IMAGE_MOCK"
        />
      </div>
      <div
        class="styled__MessageCloud-lr2zll-1 jALbcv"
      >
        Message
      </div>
      <div
        class="styled__MessageTime-lr2zll-2 gTomPT"
      >
        17:10
      </div>
    </div>
    <div
      class="styled__Container-lr2zll-0 hiCLbP"
    >
      <div
        class="tiny styled__Container-vinm4t-0 gDIJTt"
      >
        <img
          alt="avatar"
          class="avatar-image"
          src="IMAGE_MOCK"
        />
      </div>
      <div
        class="styled__MessageCloud-lr2zll-1 jALbcv"
      >
        MessageMessage MessageMessa geMess ageMessag eMessa geMessag eMessageMessa geMessage MessageMessageM essageMessageMessag eMessageM essageMessa geMessageMessageMessageMessage Message MessageMe ssageMessageMessageMe ssageMessag eMessage
      </div>
      <div
        class="styled__MessageTime-lr2zll-2 gTomPT"
      >
        17:10
      </div>
    </div>
    <div
      class="styled__Container-lr2zll-0 gaFdcr"
    >
      <div
        class="tiny styled__Container-vinm4t-0 gDIJTt"
      >
        <img
          alt="avatar"
          class="avatar-image"
          src="IMAGE_MOCK"
        />
      </div>
      <div
        class="styled__MessageCloud-lr2zll-1 drMwnc"
      >
        Message
      </div>
      <div
        class="styled__MessageTime-lr2zll-2 gTomPT"
      >
        17:10
      </div>
    </div>
  </div>
  <div
    class="styled__TextChatFooter-laciss-5 cnAoYg"
  >
    <textarea
      class="styled__TextArea-laciss-8 exIibG"
      placeholder="Start typing..."
      spellcheck="false"
      style="height: 0px;"
    />
    <svg
      aria-hidden="true"
      class="styled__AttachmentIcon-laciss-0 fRuilz StyledIconBase-sc-bdy9j4 jbPeIR"
      fill="currentColor"
      focusable="false"
      height="25"
      viewBox="0 0 16 16"
      width="25"
      xmlns="http://www.w3.org/2000/svg"
    >
      <path
        d="M10.404 5.11L9.389 4.096 4.314 9.17a2.152 2.152 0 103.045 3.044l6.09-6.089a3.588 3.588 0 00-5.075-5.074L1.98 7.444l-.014.013c-1.955 1.955-1.955 5.123 0 7.077s5.123 1.954 7.078 0l.013-.014.001.001 4.365-4.364-1.015-1.014-4.365 4.363-.013.013c-1.392 1.392-3.656 1.392-5.048 0a3.572 3.572 0 01.014-5.06l-.001-.001L9.39 2.065c.839-.84 2.205-.84 3.045 0s.839 2.205 0 3.044l-6.09 6.089a.718.718 0 01-1.015-1.014l5.075-5.075z"
      />
    </svg>
    <button
      class="styled__SendButton-laciss-1 iPFTwN styled__StyledButton-sc-1gb27vo-0 rmQmn"
      type="submit"
    >
      <span>
        Send
      </span>
    </button>
  </div>
</div>
`;
