// Jest Snapshot v1, https://goo.gl/fbAQLP

exports[`<UserAvatar /> Should render and match the snapshot 1`] = `
<div
  class="small styled__Container-vinm4t-0 gDIJTt"
>
  <img
    alt="avatar"
    class="avatar-image"
    src="IMAGE_MOCK"
  />
</div>
`;
