// Jest Snapshot v1, https://goo.gl/fbAQLP

exports[`<CreateTask /> Should render and match the snapshot 1`] = `
<div
  class="styled__Container-sc-1wap8ho-1 AOYTN"
>
  <div
    class="styled__Wrapper-sc-1wap8ho-2 ivrgfo"
  >
    <div
      class="styled__Header-sc-1wap8ho-3 jRZvgQ"
    >
      <span>
        Create a new task
      </span>
    </div>
    <div
      class="field"
      id="taskNameField"
    >
      <label
        class="styled__StyledLabel-oaisvy-0 fCsvBu"
      >
        Task name
      </label>
      <div
        class="control"
      >
        <input
          class="styled__Input-ms4xi4-0 jirwCh"
          name="taskName"
          placeholder="Type the task name"
          type="text"
          value=""
        />
      </div>
      
    </div>
    <div
      class="field"
      id="taskDescriptionField"
    >
      <label
        class="styled__StyledLabel-oaisvy-0 fCsvBu"
      >
        Description
      </label>
      <div
        class="control"
      >
        <textarea
          class="styled__TextArea-sc-1u3hlpt-0 fDkCgw"
          name="taskDescription"
          placeholder="Type the task description"
        />
      </div>
    </div>
    <div
      class="styled__SelectsContainer-sc-1wap8ho-4 gpUWKE"
    >
      <div
        class="field styled__SelectDropdown-sc-1wap8ho-5 kPzqsd"
        id="assigneeSelect"
      >
        <label
          class="styled__StyledLabel-oaisvy-0 fCsvBu"
        >
          Assignee
        </label>
        <div
          class="react-select css-2b097c-container"
        >
          <div
            class="select__control css-1288s75-control"
          >
            <div
              class="select__value-container css-1hwfws3"
            >
              <div
                class="select__placeholder css-1wa3eu0-placeholder"
              >
                Select assignee...
              </div>
              <input
                class="css-62g3xt-dummyInput"
                id="react-select-4-input"
                readonly=""
                tabindex="0"
                value=""
              />
            </div>
            <div
              class="select__indicators css-1wy0on6"
            >
              <span
                class="select__indicator-separator css-1okebmr-indicatorSeparator"
              />
              <div
                aria-hidden="true"
                class="select__indicator select__dropdown-indicator css-tlfecz-indicatorContainer"
              >
                <svg
                  aria-hidden="true"
                  class="css-19bqh2r"
                  focusable="false"
                  height="20"
                  viewBox="0 0 20 20"
                  width="20"
                >
                  <path
                    d="M4.516 7.548c0.436-0.446 1.043-0.481 1.576 0l3.908 3.747 3.908-3.747c0.533-0.481 1.141-0.446 1.574 0 0.436 0.445 0.408 1.197 0 1.615-0.406 0.418-4.695 4.502-4.695 4.502-0.217 0.223-0.502 0.335-0.787 0.335s-0.57-0.112-0.789-0.335c0 0-4.287-4.084-4.695-4.502s-0.436-1.17 0-1.615z"
                  />
                </svg>
              </div>
            </div>
          </div>
          <input
            name="assignee"
            type="hidden"
            value=""
          />
        </div>
        
      </div>
      <div
        class="field styled__SelectDropdown-sc-1wap8ho-5 kPzqsd"
        id="prioritySelect"
      >
        <label
          class="styled__StyledLabel-oaisvy-0 fCsvBu"
        >
          Priority
        </label>
        <div
          class="react-select css-2b097c-container"
        >
          <div
            class="select__control css-1288s75-control"
          >
            <div
              class="select__value-container select__value-container--has-value css-1hwfws3"
            >
              <div
                class="select__single-value css-1uccc91-singleValue"
              >
                <div
                  class="styled__LabelContainer-sc-1wap8ho-7 hKYYna"
                >
                  <svg
                    aria-hidden="true"
                    class="styled__Arrow-sc-1wap8ho-6 bqGdQa StyledIconBase-sc-bdy9j4 jbPeIR"
                    fill="none"
                    focusable="false"
                    height="22"
                    stroke="currentColor"
                    stroke-linecap="round"
                    stroke-linejoin="round"
                    viewBox="0 0 24 24"
                    width="22"
                    xmlns="http://www.w3.org/2000/svg"
                  >
                    <line
                      x1="12"
                      x2="12"
                      y1="19"
                      y2="5"
                    />
                    <polyline
                      points="5 12 12 5 19 12"
                    />
                  </svg>
                   High
                </div>
              </div>
              <input
                class="css-62g3xt-dummyInput"
                id="react-select-5-input"
                readonly=""
                tabindex="0"
                value=""
              />
            </div>
            <div
              class="select__indicators css-1wy0on6"
            >
              <span
                class="select__indicator-separator css-1okebmr-indicatorSeparator"
              />
              <div
                aria-hidden="true"
                class="select__indicator select__dropdown-indicator css-tlfecz-indicatorContainer"
              >
                <svg
                  aria-hidden="true"
                  class="css-19bqh2r"
                  focusable="false"
                  height="20"
                  viewBox="0 0 20 20"
                  width="20"
                >
                  <path
                    d="M4.516 7.548c0.436-0.446 1.043-0.481 1.576 0l3.908 3.747 3.908-3.747c0.533-0.481 1.141-0.446 1.574 0 0.436 0.445 0.408 1.197 0 1.615-0.406 0.418-4.695 4.502-4.695 4.502-0.217 0.223-0.502 0.335-0.787 0.335s-0.57-0.112-0.789-0.335c0 0-4.287-4.084-4.695-4.502s-0.436-1.17 0-1.615z"
                  />
                </svg>
              </div>
            </div>
          </div>
          <input
            name="priority"
            type="hidden"
            value="High"
          />
        </div>
        
      </div>
    </div>
    <div
      class="styled__ButtonContainer-sc-1wap8ho-0 ebeBWS"
    >
      <button
        class="styled__StyledButton-sc-1gb27vo-0 cSvxQx"
        type="submit"
      >
        <span>
          Create a task
        </span>
      </button>
    </div>
  </div>
</div>
`;
