// Jest Snapshot v1, https://goo.gl/fbAQLP

exports[`<Dashboard /> Should render and match the snapshot 1`] = `
<div
  class="styled__Container-sc-1ujewzl-0 FpZuz"
>
  <span>
    This is the Dashboard container!
  </span>
</div>
`;
