// Jest Snapshot v1, https://goo.gl/fbAQLP

exports[`<Dashboard /> Should render and match the snapshot 1`] = `
<div
  class="styled__Container-sc-1nk8n0k-1 ypRfd"
>
  <div
    class="styled__Box-sc-1nk8n0k-2 xIDSW"
  >
    <div
      class="styled__HeaderContainer-sc-1nk8n0k-6 ffQfwU"
    >
      <svg
        aria-hidden="true"
        class="styled__Avatar-sc-1nk8n0k-0 SBhIP StyledIconBase-sc-bdy9j4 jbPeIR"
        fill="currentColor"
        focusable="false"
        height="150"
        viewBox="0 0 24 24"
        width="150"
        xmlns="http://www.w3.org/2000/svg"
      >
        <path
          d="M19 2H5c-1.103 0-2 .897-2 2v13c0 1.103.897 2 2 2h4l3 3 3-3h4c1.103 0 2-.897 2-2V4c0-1.103-.897-2-2-2zM8 17c0-1.654 1.794-3 4-3s4 1.346 4 3H8zm2-7c0-1.178.822-2 2-2s2 .822 2 2-.822 2-2 2-2-.822-2-2zm8 7c0-1.846-1.209-3.457-2.999-4.323.62-.7.999-1.623.999-2.677 0-2.28-1.72-4-4-4s-4 1.72-4 4c0 1.054.379 1.977.999 2.677C7.209 13.543 6 15.154 6 17H5V4h14l.002 13H18z"
        />
      </svg>
      <div
        class="styled__Header-sc-1nk8n0k-3 eRLqkC"
      >
        <span>
          Sign in
        </span>
      </div>
    </div>
    <form
      autocomplete="off"
    >
      <div
        class="styled__InputBox-sc-1nwnwj1-1 iARNcM"
      >
        <svg
          aria-hidden="true"
          class="styled__UserIcon-sc-1nk8n0k-4 cWoeuk StyledIconBase-sc-bdy9j4 jbPeIR"
          fill="currentColor"
          focusable="false"
          height="22"
          viewBox="0 0 24 24"
          width="22"
          xmlns="http://www.w3.org/2000/svg"
        >
          <path
            d="M7.5 6.5C7.5 8.981 9.519 11 12 11s4.5-2.019 4.5-4.5S14.481 2 12 2 7.5 4.019 7.5 6.5zM20 21h1v-1c0-3.859-3.141-7-7-7h-4c-3.86 0-7 3.141-7 7v1h17z"
          />
        </svg>
        <div
          class="styled__Wrapper-sc-1nwnwj1-4 iekbjO"
        >
          <input
            class="styled__Input-sc-1nwnwj1-2 hMjYjn"
            name="email"
            type="email"
            value=""
          />
          <label
            class="styled__Label-sc-1nwnwj1-3 hMIeXz"
          >
            E-mail address
          </label>
        </div>
      </div>
      <div
        class="styled__InputBox-sc-1nwnwj1-1 iARNcM"
      >
        <svg
          aria-hidden="true"
          class="styled__LockIcon-sc-1nk8n0k-5 cdgkkh StyledIconBase-sc-bdy9j4 jbPeIR"
          fill="currentColor"
          focusable="false"
          height="22"
          viewBox="0 0 24 24"
          width="22"
          xmlns="http://www.w3.org/2000/svg"
        >
          <path
            d="M18 8h-1V6c0-2.76-2.24-5-5-5S7 3.24 7 6v2H6c-1.1 0-2 .9-2 2v10c0 1.1.9 2 2 2h12c1.1 0 2-.9 2-2V10c0-1.1-.9-2-2-2zm-6 9c-1.1 0-2-.9-2-2s.9-2 2-2 2 .9 2 2-.9 2-2 2zm3.1-9H8.9V6c0-1.71 1.39-3.1 3.1-3.1 1.71 0 3.1 1.39 3.1 3.1v2z"
          />
        </svg>
        <div
          class="styled__Wrapper-sc-1nwnwj1-4 iekbjO"
        >
          <input
            class="styled__Input-sc-1nwnwj1-2 hMjYjn"
            name="password"
            type="password"
            value=""
          />
          <label
            class="styled__Label-sc-1nwnwj1-3 hMIeXz"
          >
            Password
          </label>
        </div>
      </div>
      <button
        class="styled__StyledButton-sc-1gb27vo-0 fRXmMC"
        type="submit"
      >
        <span>
          Login
        </span>
      </button>
      <a
        class="styled__Link-sc-1nk8n0k-7 cpFNWy"
        href="/password-remind"
      >
        <span>
          Lost your password?
        </span>
      </a>
      <a
        class="styled__Link-sc-1nk8n0k-7 cpFNWy"
        href="/registration"
      >
        <span>
          Don't have an account?
        </span>
      </a>
    </form>
  </div>
</div>
`;
