// Jest Snapshot v1, https://goo.gl/fbAQLP

exports[`<SettingsPage /> Should render and match the snapshot 1`] = `
<div>
  <span>
    This is the Settings container!
  </span>
</div>
`;
