// Jest Snapshot v1, https://goo.gl/fbAQLP

exports[`<ChangeCredentials /> Should render and match the snapshot 1`] = `
<div
  class="styled__Container-makxqa-0 jbfwFg"
>
  <div
    class="field"
    id="confirmPasswordField"
  >
    <label
      class="styled__StyledLabel-oaisvy-0 fCsvBu"
    >
      Your password 
    </label>
    <div
      class="control"
    >
      <input
        class="styled__Input-ms4xi4-0 jirwCh"
        name="confirmPassword"
        type="password"
        value=""
      />
    </div>
    
  </div>
  <button
    class="styled__StyledButton-sc-1gb27vo-0 cSvxQx"
    type="submit"
  >
    <span>
      Authorize user
    </span>
  </button>
</div>
`;
